---
http_interactions:
- request:
    method: post
    uri: https://vsac.nlm.nih.gov/vsac/ws/Ticket
    body:
      encoding: US-ASCII
      string: apikey=<VSAC_API_KEY>
    headers:
      User-Agent:
      - Typhoeus - https://github.com/typhoeus/typhoeus
      Expect:
      - ''
  response:
    status:
      code: 200
      message: ''
    headers:
      X-Frame-Options:
      - SAMEORIGIN
      X-Content-Type-Options:
      - nosniff
      - nosniff
      X-Xss-Protection:
      - 1; mode=block
      Cache-Control:
      - no-cache, no-store, max-age=0, must-revalidate
      Pragma:
      - no-cache
      Expires:
      - '0'
      Content-Type:
      - text/plain;charset=utf-8
      Content-Length:
      - '62'
      Date:
      - Fri, 11 Jan 2019 18:37:06 GMT
      Set-Cookie:
      - BIGipServervsacweb_p=!J+BHYuL8Rx8x1d3NtNHn4GsLooFbUyZ8f2jNkah1pSSRgdPoZmSaPJbRF+WtwUC1Y2UVfgF/eeQ0yho=;
        expires=Fri, 11-Jan-2019 20:37:07 GMT; path=/; Httponly; Secure
      X-Vip-Info:
      - 130.14.16.40:443
      X-Pool-Info:
      - "/Common/vsacweb_p 10.1.5.110 8080"
      Strict-Transport-Security:
      - max-age=31536000; includeSubDomains; preload
    body:
      encoding: UTF-8
      string: TGT-801-L7jmdDRLG2u0sobuDubphfU3fIlNABZa2tGvmHND9xwCJDOAF4-cas
    http_version: 
  recorded_at: Fri, 11 Jan 2019 18:37:07 GMT
- request:
    method: post
    uri: https://vsac.nlm.nih.gov/vsac/ws/Ticket/TGT-801-L7jmdDRLG2u0sobuDubphfU3fIlNABZa2tGvmHND9xwCJDOAF4-cas?service=http://umlsks.nlm.nih.gov
    body:
      encoding: US-ASCII
      string: ''
    headers:
      User-Agent:
      - Typhoeus - https://github.com/typhoeus/typhoeus
      Expect:
      - ''
  response:
    status:
      code: 200
      message: ''
    headers:
      X-Frame-Options:
      - SAMEORIGIN
      X-Content-Type-Options:
      - nosniff
      - nosniff
      X-Xss-Protection:
      - 1; mode=block
      Cache-Control:
      - no-cache, no-store, max-age=0, must-revalidate
      Pragma:
      - no-cache
      Expires:
      - '0'
      Content-Type:
      - text/plain;charset=utf-8
      Content-Length:
      - '31'
      Date:
      - Fri, 11 Jan 2019 18:37:07 GMT
      Set-Cookie:
      - BIGipServervsacweb_p=!GxbrJeNc870lQAPm9OGvBt4MxRMcjhfpg9LUO5uhbHdtCW7jLfGrnu7kOl3cPD+9z0ykKhkqIVLFrU8=;
        expires=Fri, 11-Jan-2019 20:37:07 GMT; path=/; Httponly; Secure
      X-Vip-Info:
      - 130.14.16.40:443
      X-Pool-Info:
      - "/Common/vsacweb_p 10.1.5.114 8080"
      Strict-Transport-Security:
      - max-age=31536000; includeSubDomains; preload
    body:
      encoding: UTF-8
      string: ST-612-yHRoge9YvaXxzxay16pI-cas
    http_version: 
  recorded_at: Fri, 11 Jan 2019 18:37:07 GMT
- request:
    method: get
    uri: https://vsac.nlm.nih.gov/vsac/svs/RetrieveMultipleValueSets?id=2.16.840.1.113762.1.4.1&ticket=ST-612-yHRoge9YvaXxzxay16pI-cas
    body:
      encoding: US-ASCII
      string: ''
    headers:
      User-Agent:
      - Typhoeus - https://github.com/typhoeus/typhoeus
      Expect:
      - ''
  response:
    status:
      code: 200
      message: ''
    headers:
      X-Frame-Options:
      - SAMEORIGIN
      X-Content-Type-Options:
      - nosniff
      - nosniff
      X-Xss-Protection:
      - 1; mode=block
      Set-Cookie:
      - BIGipServervsacweb_p=!sggoqowSgxzA5azm9OGvBt4MxRMcjq55WuxodF27lGLsg6DU2011b/PB6kIPllB2WRxHNNM4bKD9peQ=;
        expires=Fri, 11-Jan-2019 20:37:08 GMT; path=/; Httponly; Secure
      - JSESSIONID=0674B6EA2E7FCF9E0E3AFCACE2A3DF52;path=/vsac;HttpOnly;Secure
      Cache-Control:
      - no-cache, no-store, max-age=0, must-revalidate
      Pragma:
      - no-cache
      Expires:
      - '0'
      Content-Type:
      - text/xml;charset=utf-8
      Content-Length:
      - '1361'
      Date:
      - Fri, 11 Jan 2019 18:37:08 GMT
      X-Vip-Info:
      - 130.14.16.40:443
      X-Pool-Info:
      - "/Common/vsacweb_p 10.1.5.110 8080"
      Strict-Transport-Security:
      - max-age=31536000; includeSubDomains; preload
    body:
      encoding: UTF-8
      string: |
        <?xml version="1.0" encoding="UTF-8" standalone="yes"?>
        <ns0:RetrieveMultipleValueSetsResponse xmlns:ns0="urn:ihe:iti:svs:2008" xmlns:xsi="http://www.w3.org/2001/XMLSchema-instance">
            <ns0:DescribedValueSet ID="2.16.840.1.113762.1.4.1" displayName="ONC Administrative Sex" version="20190103">
                <ns0:ConceptList>
                    <ns0:Concept code="F" codeSystem="2.16.840.1.113883.5.1" codeSystemName="AdministrativeGender" codeSystemVersion="HL7V3.0_2018-08" displayName="Female"/>
                    <ns0:Concept code="M" codeSystem="2.16.840.1.113883.5.1" codeSystemName="AdministrativeGender" codeSystemVersion="HL7V3.0_2018-08" displayName="Male"/>
                </ns0:ConceptList>
                <ns0:Source>Office of the National Coordinator for Health Information Technology</ns0:Source>
                <ns0:Purpose>(Clinical Focus: Gender identity restricted to only Male and Female used in administrative situations requiring a restriction to these two categories.),(Data Element Scope: Gender),(Inclusion Criteria: Male and Female only.),(Exclusion Criteria: Any gender identity that is not male or female.)</ns0:Purpose>
                <ns0:Type>Extensional</ns0:Type>
                <ns0:Binding>Dynamic</ns0:Binding>
                <ns0:Status>Active</ns0:Status>
                <ns0:RevisionDate>2015-03-31</ns0:RevisionDate>
            </ns0:DescribedValueSet>
        </ns0:RetrieveMultipleValueSetsResponse>
    http_version: 
  recorded_at: Fri, 11 Jan 2019 18:37:08 GMT
recorded_with: VCR 3.0.3
